// Jest Snapshot v1, https://goo.gl/fbAQLP

exports[`recommendation fixture harness snapshots structured recommendation output for all fixtures 1`] = `
[
  {
    "asOfDate": "2026-04-29",
    "fixtureId": "no-data",
    "fixtureName": "No health data",
    "readiness": {
      "confidence": 0.2,
      "conservativeAdjustmentReason": "Unknown readiness is treated conservatively until enough usable recovery signals are available.",
      "missingSignals": [
        "Sleep is missing",
        "HRV is missing",
        "Resting HR is missing",
        "Steps is missing",
      ],
      "score": null,
      "signalsUsed": [],
      "staleSignalsIgnored": [],
      "status": "unknown",
    },
    "recommendation": {
      "confidence": 0.2,
      "easierAlternative": {
        "durationOrVolume": "10-20 min",
        "intensityTarget": "very easy",
        "rationale": "This keeps movement available without treating incomplete or poor readiness as a training green light.",
        "title": "Walk and mobility",
      },
      "nextCheckInQuestion": "How do you feel today: rested, normal, tired, sore, or unwell?",
      "readinessStatus": "unknown",
      "recommendedActivity": {
        "durationOrVolume": "15-25 min easy walk or mobility",
        "intensityTarget": "easy until clearer",
        "rationale": "Readiness is unknown because no current recovery data is available.",
        "title": "Baseline walk",
      },
      "shortExplanation": "Readiness is unknown because no current recovery data is available.",
      "sourcesIgnored": [
        "Sleep is missing",
        "HRV is missing",
        "Resting HR is missing",
        "Steps is missing",
      ],
      "sourcesUsed": [],
      "whatToAvoidToday": [
        "hard efforts",
        "new maxes",
        "adding volume from incomplete data",
      ],
    },
    "riskFlags": {
      "hasBlockingRisk": false,
      "highestSeverity": "none",
      "itemIds": [
        "no-risk-reported",
      ],
      "summary": "No risk flags were supplied in the current structured input.",
    },
    "trainingState": {
      "activeDaysLast30": 0,
      "baselineBuildingRecommended": false,
      "confidence": 0.3,
      "longestGapDays": null,
      "recommendedBehavior": "conservative_discovery",
      "signalsUsed": [],
      "state": "unknown",
      "totalWorkoutMinutesLast30": 0,
    },
  },
  {
    "asOfDate": "2026-04-29",
    "fixtureId": "stale-data",
    "fixtureName": "Stale recovery data",
    "readiness": {
      "confidence": 0.56,
      "conservativeAdjustmentReason": "Stale or missing data lowered confidence and kept the readiness call conservative.",
      "missingSignals": [
        "HRV is missing",
      ],
      "score": 68,
      "signalsUsed": [
        "sleep was adequate at 6h 50m",
      ],
      "staleSignalsIgnored": [
        "Sleep is stale",
      ],
      "status": "yellow",
    },
    "recommendation": {
      "confidence": 0.56,
      "easierAlternative": {
        "durationOrVolume": "20-30 min",
        "intensityTarget": "easy",
        "rationale": "A shorter option keeps the habit while respecting mixed readiness signals.",
        "title": "Shorten the aerobic work",
      },
      "nextCheckInQuestion": "Do you feel normal enough to train, or should we shorten this?",
      "readinessStatus": "yellow",
      "recommendedActivity": {
        "durationOrVolume": "25-35 min conversational effort",
        "intensityTarget": "controlled aerobic",
        "rationale": "Usable but stale recovery data keeps intensity controlled.",
        "title": "Controlled aerobic work",
      },
      "shortExplanation": "Usable but stale recovery data keeps intensity controlled.",
      "sourcesIgnored": [
        "Sleep is stale",
        "HRV is missing",
      ],
      "sourcesUsed": [
        "sleep was adequate at 6h 50m",
      ],
      "whatToAvoidToday": [
        "threshold work",
        "extra volume",
        "testing pace",
      ],
    },
    "riskFlags": {
      "hasBlockingRisk": false,
      "highestSeverity": "none",
      "itemIds": [
        "no-risk-reported",
      ],
      "summary": "No risk flags were supplied in the current structured input.",
    },
    "trainingState": {
      "activeDaysLast30": 3,
      "baselineBuildingRecommended": false,
      "confidence": 0.75,
      "longestGapDays": 7,
      "recommendedBehavior": "normal_progression",
      "signalsUsed": [
        "recent workouts",
        "check-ins",
      ],
      "state": "consistent_recreational_athlete",
      "totalWorkoutMinutesLast30": 125,
    },
  },
  {
    "asOfDate": "2026-04-29",
    "fixtureId": "poor-sleep",
    "fixtureName": "Poor sleep",
    "readiness": {
      "confidence": 0.86,
      "conservativeAdjustmentReason": null,
      "missingSignals": [],
      "score": 42,
      "signalsUsed": [
        "sleep was short at 4h 55m",
        "resting HR is up 8 bpm",
      ],
      "staleSignalsIgnored": [],
      "status": "red",
    },
    "recommendation": {
      "confidence": 0.55,
      "easierAlternative": {
        "durationOrVolume": "10-20 min",
        "intensityTarget": "very easy",
        "rationale": "This keeps movement available without treating incomplete or poor readiness as a training green light.",
        "title": "Walk and mobility",
      },
      "nextCheckInQuestion": "Is there pain, illness, or unusual fatigue I should account for today?",
      "readinessStatus": "red",
      "recommendedActivity": {
        "durationOrVolume": "20-30 min very easy movement",
        "intensityTarget": "easy only",
        "rationale": "Short sleep and elevated resting heart rate point toward backing off.",
        "title": "Recovery aerobic only",
      },
      "shortExplanation": "Short sleep and elevated resting heart rate point toward backing off.",
      "sourcesIgnored": [],
      "sourcesUsed": [
        "sleep was short at 4h 55m",
        "resting HR is up 8 bpm",
      ],
      "whatToAvoidToday": [
        "hard intervals",
        "max efforts",
        "long sessions",
      ],
    },
    "riskFlags": {
      "hasBlockingRisk": false,
      "highestSeverity": "none",
      "itemIds": [
        "no-risk-reported",
      ],
      "summary": "No risk flags were supplied in the current structured input.",
    },
    "trainingState": {
      "activeDaysLast30": 3,
      "baselineBuildingRecommended": false,
      "confidence": 0.75,
      "longestGapDays": 3,
      "recommendedBehavior": "normal_progression",
      "signalsUsed": [
        "recent workouts",
        "check-ins",
      ],
      "state": "consistent_recreational_athlete",
      "totalWorkoutMinutesLast30": 135,
    },
  },
  {
    "asOfDate": "2026-04-29",
    "fixtureId": "high-readiness",
    "fixtureName": "High readiness",
    "readiness": {
      "confidence": 0.86,
      "conservativeAdjustmentReason": null,
      "missingSignals": [],
      "score": 86,
      "signalsUsed": [
        "sleep was 8h 10m",
        "RMSSD HRV is up 14 ms",
        "resting HR is down 4 bpm",
      ],
      "staleSignalsIgnored": [],
      "status": "green",
    },
    "recommendation": {
      "confidence": 0.86,
      "easierAlternative": {
        "durationOrVolume": "25-35 min",
        "intensityTarget": "easy conversational",
        "rationale": "Use this if energy, soreness, or schedule changes after the data sync.",
        "title": "Short aerobic option",
      },
      "nextCheckInQuestion": "Any soreness, illness, or schedule constraint before you start?",
      "readinessStatus": "green",
      "recommendedActivity": {
        "durationOrVolume": "10 min easy, 4 x 5 min strong, cool down",
        "intensityTarget": "planned intensity",
        "rationale": "Fresh recovery signals support the planned quality session.",
        "title": "Quality aerobic session",
      },
      "shortExplanation": "Fresh recovery signals support the planned quality session.",
      "sourcesIgnored": [],
      "sourcesUsed": [
        "sleep was 8h 10m",
        "RMSSD HRV is up 14 ms",
        "resting HR is down 4 bpm",
      ],
      "whatToAvoidToday": [
        "large volume jumps",
        "turning easy work into a race",
      ],
    },
    "riskFlags": {
      "hasBlockingRisk": false,
      "highestSeverity": "none",
      "itemIds": [
        "no-risk-reported",
      ],
      "summary": "No risk flags were supplied in the current structured input.",
    },
    "trainingState": {
      "activeDaysLast30": 6,
      "baselineBuildingRecommended": false,
      "confidence": 0.85,
      "longestGapDays": 4,
      "recommendedBehavior": "normal_progression",
      "signalsUsed": [
        "recent workouts",
        "check-ins",
      ],
      "state": "advanced_athlete",
      "totalWorkoutMinutesLast30": 495,
    },
  },
  {
    "asOfDate": "2026-04-29",
    "fixtureId": "pain-flag",
    "fixtureName": "Pain flag",
    "readiness": {
      "confidence": 0.35,
      "conservativeAdjustmentReason": "Pain or illness risk flags were applied before recommendation output, so intensity stays recovery-only.",
      "missingSignals": [],
      "score": 82,
      "signalsUsed": [
        "sleep was 7h 45m",
        "resting HR is normal",
      ],
      "staleSignalsIgnored": [],
      "status": "red",
    },
    "recommendation": {
      "confidence": 0.35,
      "easierAlternative": {
        "durationOrVolume": "10-20 min",
        "intensityTarget": "very easy",
        "rationale": "This keeps movement available without treating incomplete or poor readiness as a training green light.",
        "title": "Walk and mobility",
      },
      "nextCheckInQuestion": "Is there pain, illness, or unusual fatigue I should account for today?",
      "readinessStatus": "red",
      "recommendedActivity": {
        "durationOrVolume": "Rest or 10-15 min gentle mobility",
        "intensityTarget": "easy only",
        "rationale": "Pain flags override otherwise positive readiness signals.",
        "title": "Pain-limited recovery",
      },
      "shortExplanation": "Pain flags override otherwise positive readiness signals.",
      "sourcesIgnored": [],
      "sourcesUsed": [
        "sleep was 7h 45m",
        "resting HR is normal",
        "risk flags",
      ],
      "whatToAvoidToday": [
        "hard intervals",
        "max efforts",
        "long sessions",
      ],
    },
    "riskFlags": {
      "hasBlockingRisk": true,
      "highestSeverity": "high",
      "itemIds": [
        "significant-pain",
      ],
      "summary": "Detected risk flags for significant pain. Use conservative guidance and lower confidence or intensity.",
    },
    "trainingState": {
      "activeDaysLast30": 3,
      "baselineBuildingRecommended": false,
      "confidence": 0.85,
      "longestGapDays": 4,
      "recommendedBehavior": "recovery_or_professional_guidance",
      "signalsUsed": [
        "recent workouts",
        "check-ins",
        "risk flags",
      ],
      "state": "currently_limited",
      "totalWorkoutMinutesLast30": 160,
    },
  },
  {
    "asOfDate": "2026-04-29",
    "fixtureId": "illness-flag",
    "fixtureName": "Illness flag",
    "readiness": {
      "confidence": 0.35,
      "conservativeAdjustmentReason": "Pain or illness risk flags were applied before recommendation output, so intensity stays recovery-only.",
      "missingSignals": [],
      "score": 79,
      "signalsUsed": [
        "sleep was 7h 30m",
        "HRV is near baseline",
      ],
      "staleSignalsIgnored": [],
      "status": "red",
    },
    "recommendation": {
      "confidence": 0.35,
      "easierAlternative": {
        "durationOrVolume": "10-20 min",
        "intensityTarget": "very easy",
        "rationale": "This keeps movement available without treating incomplete or poor readiness as a training green light.",
        "title": "Walk and mobility",
      },
      "nextCheckInQuestion": "Is there pain, illness, or unusual fatigue I should account for today?",
      "readinessStatus": "red",
      "recommendedActivity": {
        "durationOrVolume": "Rest, hydrate, and monitor symptoms",
        "intensityTarget": "easy only",
        "rationale": "Illness flags block intensity regardless of wearable readiness.",
        "title": "Illness recovery",
      },
      "shortExplanation": "Illness flags block intensity regardless of wearable readiness.",
      "sourcesIgnored": [],
      "sourcesUsed": [
        "sleep was 7h 30m",
        "HRV is near baseline",
        "risk flags",
      ],
      "whatToAvoidToday": [
        "hard intervals",
        "max efforts",
        "long sessions",
      ],
    },
    "riskFlags": {
      "hasBlockingRisk": true,
      "highestSeverity": "high",
      "itemIds": [
        "fever",
      ],
      "summary": "Detected risk flags for fever. Use conservative guidance and lower confidence or intensity.",
    },
    "trainingState": {
      "activeDaysLast30": 3,
      "baselineBuildingRecommended": false,
      "confidence": 0.85,
      "longestGapDays": 5,
      "recommendedBehavior": "recovery_or_professional_guidance",
      "signalsUsed": [
        "recent workouts",
        "check-ins",
        "risk flags",
      ],
      "state": "currently_limited",
      "totalWorkoutMinutesLast30": 170,
    },
  },
  {
    "asOfDate": "2026-04-29",
    "fixtureId": "returning-athlete",
    "fixtureName": "Returning athlete",
    "readiness": {
      "confidence": 0.86,
      "conservativeAdjustmentReason": null,
      "missingSignals": [],
      "score": 72,
      "signalsUsed": [
        "sleep was 7h 05m",
        "resting HR is stable",
      ],
      "staleSignalsIgnored": [],
      "status": "yellow",
    },
    "recommendation": {
      "confidence": 0.74,
      "easierAlternative": {
        "durationOrVolume": "20-30 min",
        "intensityTarget": "easy",
        "rationale": "A shorter option keeps the habit while respecting mixed readiness signals.",
        "title": "Shorten the aerobic work",
      },
      "nextCheckInQuestion": "Do you feel normal enough to train, or should we shorten this?",
      "readinessStatus": "yellow",
      "recommendedActivity": {
        "durationOrVolume": "20-30 min easy run-walk",
        "intensityTarget": "controlled aerobic",
        "rationale": "A recent restart after a long gap calls for baseline building.",
        "title": "Return-to-training base",
      },
      "shortExplanation": "A recent restart after a long gap calls for baseline building.",
      "sourcesIgnored": [],
      "sourcesUsed": [
        "sleep was 7h 05m",
        "resting HR is stable",
        "Recent workouts resumed after an extended 48-day training gap, so baseline-building behavior is recommended.",
      ],
      "whatToAvoidToday": [
        "threshold work",
        "extra volume",
        "testing pace",
      ],
    },
    "riskFlags": {
      "hasBlockingRisk": false,
      "highestSeverity": "none",
      "itemIds": [
        "no-risk-reported",
      ],
      "summary": "No risk flags were supplied in the current structured input.",
    },
    "trainingState": {
      "activeDaysLast30": 1,
      "baselineBuildingRecommended": true,
      "confidence": 0.8,
      "longestGapDays": 48,
      "recommendedBehavior": "baseline_building",
      "signalsUsed": [
        "recent workouts",
        "check-ins",
      ],
      "state": "returning_after_extended_gap",
      "totalWorkoutMinutesLast30": 28,
    },
  },
  {
    "asOfDate": "2026-04-29",
    "fixtureId": "event-goal",
    "fixtureName": "Event goal",
    "readiness": {
      "confidence": 0.86,
      "conservativeAdjustmentReason": null,
      "missingSignals": [],
      "score": 80,
      "signalsUsed": [
        "sleep was 7h 50m",
        "HRV is above baseline",
        "recent workouts are consistent",
      ],
      "staleSignalsIgnored": [],
      "status": "green",
    },
    "recommendation": {
      "confidence": 0.86,
      "easierAlternative": {
        "durationOrVolume": "25-35 min",
        "intensityTarget": "easy conversational",
        "rationale": "Use this if energy, soreness, or schedule changes after the data sync.",
        "title": "Short aerobic option",
      },
      "nextCheckInQuestion": "Any soreness, illness, or schedule constraint before you start?",
      "readinessStatus": "green",
      "recommendedActivity": {
        "durationOrVolume": "35-45 min easy with relaxed strides",
        "intensityTarget": "planned intensity",
        "rationale": "The event goal can shape the session while readiness remains the main safety gate.",
        "title": "Event-specific aerobic session",
      },
      "shortExplanation": "The event goal can shape the session while readiness remains the main safety gate.",
      "sourcesIgnored": [],
      "sourcesUsed": [
        "sleep was 7h 50m",
        "HRV is above baseline",
        "recent workouts are consistent",
        "Event goal: Sydney 10K 10K on 2026-05-24",
      ],
      "whatToAvoidToday": [
        "large volume jumps",
        "turning easy work into a race",
      ],
    },
    "riskFlags": {
      "hasBlockingRisk": false,
      "highestSeverity": "none",
      "itemIds": [
        "no-risk-reported",
      ],
      "summary": "No risk flags were supplied in the current structured input.",
    },
    "trainingState": {
      "activeDaysLast30": 4,
      "baselineBuildingRecommended": false,
      "confidence": 0.75,
      "longestGapDays": 4,
      "recommendedBehavior": "normal_progression",
      "signalsUsed": [
        "recent workouts",
        "check-ins",
      ],
      "state": "consistent_recreational_athlete",
      "totalWorkoutMinutesLast30": 220,
    },
  },
]
`;
